// Jest Snapshot v1, https://goo.gl/fbAQLP

exports[`components/ui/card Default smoke-test 1`] = `
<div class="rounded-xl border bg-card text-card-foreground shadow">
  <div class="flex flex-col space-y-1.5 p-6">
    <div class="font-semibold leading-none tracking-tight">
      Card Title
    </div>
    <div class="text-sm text-muted-foreground">
      Card Description
    </div>
  </div>
  <div class="p-6 pt-0">
    <p>
      Card Content
    </p>
  </div>
  <div class="flex items-center p-6 pt-0">
    <p>
      Card Footer
    </p>
  </div>
</div>
`;
