// Jest Snapshot v1, https://goo.gl/fbAQLP

exports[`components/ui/input Default smoke-test 1`] = `
<input class="flex h-9 w-full rounded-md border border-input bg-transparent px-3 py-1 text-base shadow-sm transition-colors file:border-0 file:bg-transparent file:text-sm file:font-medium file:text-foreground placeholder:text-muted-foreground focus-visible:outline-none focus-visible:ring-1 focus-visible:ring-ring disabled:cursor-not-allowed disabled:opacity-50 md:text-sm"
       placeholder="Placeholder"
>
`;

exports[`components/ui/input Disabled smoke-test 1`] = `
<input class="flex h-9 w-full rounded-md border border-input bg-transparent px-3 py-1 text-base shadow-sm transition-colors file:border-0 file:bg-transparent file:text-sm file:font-medium file:text-foreground placeholder:text-muted-foreground focus-visible:outline-none focus-visible:ring-1 focus-visible:ring-ring disabled:cursor-not-allowed disabled:opacity-50 md:text-sm"
       placeholder="Placeholder"
       disabled
>
`;

exports[`components/ui/input File smoke-test 1`] = `
<input type="file"
       class="flex h-9 w-full rounded-md border border-input bg-transparent px-3 py-1 text-base shadow-sm transition-colors file:border-0 file:bg-transparent file:text-sm file:font-medium file:text-foreground placeholder:text-muted-foreground focus-visible:outline-none focus-visible:ring-1 focus-visible:ring-ring disabled:cursor-not-allowed disabled:opacity-50 md:text-sm"
       placeholder="Placeholder"
>
`;
